TAP version 13
# Subtest: return path rejects adversarial input 1
ok 1 - return path rejects adversarial input 1
  ---
  duration_ms: 4.042337
  type: 'test'
  ...
# Subtest: return path rejects adversarial input 2
ok 2 - return path rejects adversarial input 2
  ---
  duration_ms: 0.461066
  type: 'test'
  ...
# Subtest: return path rejects adversarial input 3
ok 3 - return path rejects adversarial input 3
  ---
  duration_ms: 0.184768
  type: 'test'
  ...
# Subtest: return path rejects adversarial input 4
ok 4 - return path rejects adversarial input 4
  ---
  duration_ms: 0.280433
  type: 'test'
  ...
# Subtest: return path rejects adversarial input 5
ok 5 - return path rejects adversarial input 5
  ---
  duration_ms: 0.199776
  type: 'test'
  ...
# Subtest: return path rejects adversarial input 6
ok 6 - return path rejects adversarial input 6
  ---
  duration_ms: 0.196997
  type: 'test'
  ...
# Subtest: return path rejects adversarial input 7
ok 7 - return path rejects adversarial input 7
  ---
  duration_ms: 0.246374
  type: 'test'
  ...
# Subtest: return path rejects adversarial input 8
ok 8 - return path rejects adversarial input 8
  ---
  duration_ms: 0.478511
  type: 'test'
  ...
# Subtest: return path rejects adversarial input 9
ok 9 - return path rejects adversarial input 9
  ---
  duration_ms: 1.245792
  type: 'test'
  ...
# Subtest: return path rejects adversarial input 10
ok 10 - return path rejects adversarial input 10
  ---
  duration_ms: 1.21461
  type: 'test'
  ...
# Subtest: return path rejects adversarial input 11
ok 11 - return path rejects adversarial input 11
  ---
  duration_ms: 0.507407
  type: 'test'
  ...
# Subtest: return path rejects adversarial input 12
ok 12 - return path rejects adversarial input 12
  ---
  duration_ms: 0.347725
  type: 'test'
  ...
# Subtest: return path rejects adversarial input 13
ok 13 - return path rejects adversarial input 13
  ---
  duration_ms: 0.253127
  type: 'test'
  ...
# Subtest: return path rejects adversarial input 14
ok 14 - return path rejects adversarial input 14
  ---
  duration_ms: 0.243929
  type: 'test'
  ...
# Subtest: return path rejects adversarial input 15
ok 15 - return path rejects adversarial input 15
  ---
  duration_ms: 7.444162
  type: 'test'
  ...
# Subtest: return path rejects adversarial input 16
ok 16 - return path rejects adversarial input 16
  ---
  duration_ms: 0.206248
  type: 'test'
  ...
# Subtest: return path rejects adversarial input 17
ok 17 - return path rejects adversarial input 17
  ---
  duration_ms: 0.128649
  type: 'test'
  ...
# Subtest: return path rejects adversarial input 18
ok 18 - return path rejects adversarial input 18
  ---
  duration_ms: 0.125109
  type: 'test'
  ...
# Subtest: return path rejects adversarial input 19
ok 19 - return path rejects adversarial input 19
  ---
  duration_ms: 0.190339
  type: 'test'
  ...
# Subtest: return path rejects adversarial input 20
ok 20 - return path rejects adversarial input 20
  ---
  duration_ms: 0.168853
  type: 'test'
  ...
# Subtest: return path rejects adversarial input 21
ok 21 - return path rejects adversarial input 21
  ---
  duration_ms: 0.137233
  type: 'test'
  ...
# Subtest: return path rejects adversarial input 22
ok 22 - return path rejects adversarial input 22
  ---
  duration_ms: 0.179804
  type: 'test'
  ...
# Subtest: return path rejects adversarial input 23
ok 23 - return path rejects adversarial input 23
  ---
  duration_ms: 0.202142
  type: 'test'
  ...
# Subtest: return path rejects adversarial input 24
ok 24 - return path rejects adversarial input 24
  ---
  duration_ms: 0.111526
  type: 'test'
  ...
# Subtest: return path rejects adversarial input 25
ok 25 - return path rejects adversarial input 25
  ---
  duration_ms: 0.074812
  type: 'test'
  ...
# Subtest: return path rejects adversarial input 26
ok 26 - return path rejects adversarial input 26
  ---
  duration_ms: 0.075403
  type: 'test'
  ...
# Subtest: return path rejects adversarial input 27
ok 27 - return path rejects adversarial input 27
  ---
  duration_ms: 0.070495
  type: 'test'
  ...
# Subtest: return path rejects adversarial input 28
ok 28 - return path rejects adversarial input 28
  ---
  duration_ms: 0.234506
  type: 'test'
  ...
# Subtest: return path rejects adversarial input 29
ok 29 - return path rejects adversarial input 29
  ---
  duration_ms: 0.089783
  type: 'test'
  ...
# Subtest: return path rejects adversarial input 30
ok 30 - return path rejects adversarial input 30
  ---
  duration_ms: 1.296896
  type: 'test'
  ...
# Subtest: return path rejects adversarial input 31
ok 31 - return path rejects adversarial input 31
  ---
  duration_ms: 0.523358
  type: 'test'
  ...
# Subtest: return path rejects adversarial input 32
ok 32 - return path rejects adversarial input 32
  ---
  duration_ms: 2.071367
  type: 'test'
  ...
# Subtest: return path rejects adversarial input 33
ok 33 - return path rejects adversarial input 33
  ---
  duration_ms: 0.123471
  type: 'test'
  ...
# Subtest: return path rejects adversarial input 34
ok 34 - return path rejects adversarial input 34
  ---
  duration_ms: 0.082588
  type: 'test'
  ...
# Subtest: return path rejects adversarial input 35
ok 35 - return path rejects adversarial input 35
  ---
  duration_ms: 0.119401
  type: 'test'
  ...
# Subtest: return path rejects adversarial input 36
ok 36 - return path rejects adversarial input 36
  ---
  duration_ms: 0.076862
  type: 'test'
  ...
# Subtest: return path rejects adversarial input 37
ok 37 - return path rejects adversarial input 37
  ---
  duration_ms: 0.076224
  type: 'test'
  ...
# Subtest: return path rejects adversarial input 38
ok 38 - return path rejects adversarial input 38
  ---
  duration_ms: 0.070551
  type: 'test'
  ...
# Subtest: return path rejects adversarial input 39
ok 39 - return path rejects adversarial input 39
  ---
  duration_ms: 0.097992
  type: 'test'
  ...
# Subtest: return path rejects adversarial input 40
ok 40 - return path rejects adversarial input 40
  ---
  duration_ms: 0.081502
  type: 'test'
  ...
# Subtest: return path rejects adversarial input 41
ok 41 - return path rejects adversarial input 41
  ---
  duration_ms: 0.0732
  type: 'test'
  ...
# Subtest: return path rejects adversarial input 42
ok 42 - return path rejects adversarial input 42
  ---
  duration_ms: 0.069004
  type: 'test'
  ...
# Subtest: return path rejects adversarial input 43
ok 43 - return path rejects adversarial input 43
  ---
  duration_ms: 0.242598
  type: 'test'
  ...
# Subtest: return path rejects adversarial input 44
ok 44 - return path rejects adversarial input 44
  ---
  duration_ms: 3.657477
  type: 'test'
  ...
# Subtest: return path rejects adversarial input 45
ok 45 - return path rejects adversarial input 45
  ---
  duration_ms: 0.11342
  type: 'test'
  ...
# Subtest: return path rejects adversarial input 46
ok 46 - return path rejects adversarial input 46
  ---
  duration_ms: 0.077098
  type: 'test'
  ...
# Subtest: return path rejects adversarial input 47
ok 47 - return path rejects adversarial input 47
  ---
  duration_ms: 0.073818
  type: 'test'
  ...
# Subtest: return path rejects adversarial input 48
ok 48 - return path rejects adversarial input 48
  ---
  duration_ms: 0.069709
  type: 'test'
  ...
# Subtest: return paths accept only canonical roots and descendants; only undefined selects default
ok 49 - return paths accept only canonical roots and descendants; only undefined selects default
  ---
  duration_ms: 0.370463
  type: 'test'
  ...
# Subtest: random values and base64url decoding reject padding, aliases and unbounded lengths
ok 50 - random values and base64url decoding reject padding, aliases and unbounded lengths
  ---
  duration_ms: 1.0325
  type: 'test'
  ...
# Subtest: strict JSON rejects duplicate decoded keys, malformed syntax, arrays and excessive nesting
ok 51 - strict JSON rejects duplicate decoded keys, malformed syntax, arrays and excessive nesting
  ---
  duration_ms: 2.900751
  type: 'test'
  ...
# Subtest: cookie parsing rejects duplicate names, quotes, percent escapes, whitespace, malformed values and legacy fallback
ok 52 - cookie parsing rejects duplicate names, quotes, percent escapes, whitespace, malformed values and legacy fallback
  ---
  duration_ms: 4.64724
  type: 'test'
  ...
# Subtest: flow roundtrip, strict expiry, wrong state and altered payload fail closed with no network
ok 53 - flow roundtrip, strict expiry, wrong state and altered payload fail closed with no network
  ---
  duration_ms: 1.944893
  type: 'test'
  ...
# Subtest: server configuration rejects insecure URLs, weak secrets, callback mismatches and ambiguous assurance
ok 54 - server configuration rejects insecure URLs, weak secrets, callback mismatches and ambiguous assurance
  ---
  duration_ms: 3.073469
  type: 'test'
  ...
# Subtest: configuration snapshots mutable arrays, assurance lists and signing secret
ok 55 - configuration snapshots mutable arrays, assurance lists and signing secret
  ---
  duration_ms: 0.687376
  type: 'test'
  ...
# Subtest: HTTP is allowed only with explicit local-development opt-in and literal loopback
ok 56 - HTTP is allowed only with explicit local-development opt-in and literal loopback
  ---
  duration_ms: 2.331817
  type: 'test'
  ...
# Subtest: Pages Router adapter appends cookies and prevents cache/referrer disclosure
ok 57 - Pages Router adapter appends cookies and prevents cache/referrer disclosure
  ---
  duration_ms: 0.497997
  type: 'test'
  ...
# Subtest: network wrapper bounds streaming bodies and cancels a stalled response
ok 58 - network wrapper bounds streaming bodies and cancels a stalled response
  ---
  duration_ms: 154.699481
  type: 'test'
  ...
# Subtest: network wrapper rejects redirected response metadata even when an injected fetch ignores redirect:error
ok 59 - network wrapper rejects redirected response metadata even when an injected fetch ignores redirect:error
  ---
  duration_ms: 1.59215
  type: 'test'
  ...
# Subtest: deadline sanitizes errors and rejects non-cooperative dependencies
ok 60 - deadline sanitizes errors and rejects non-cooperative dependencies
  ---
  duration_ms: 51.229853
  type: 'test'
  ...
1..60
# tests 60
# suites 0
# pass 60
# fail 0
# cancelled 0
# skipped 0
# todo 0
# duration_ms 608.056409
